// Vitest Snapshot v1

exports[`Box > should render default correctly 1`] = `
<div>
  <div
    class="rapid-box"
  />
</div>
`;
