// Vitest Snapshot v1

exports[`Modal > should render correctly with non default props 1`] = `
<div
  aria-hidden="true"
>
  <div
    style="position: fixed; top: 1px; left: 1px; width: 1px; height: 0; padding: 0; margin: -1px; overflow: hidden; clip: rect(0, 0, 0, 0); white-space: nowrap; border-width: 0; display: none;"
  />
</div>
`;

exports[`Modal > should render default correctly 1`] = `
<div
  aria-hidden="true"
>
  <div
    style="position: fixed; top: 1px; left: 1px; width: 1px; height: 0; padding: 0; margin: -1px; overflow: hidden; clip: rect(0, 0, 0, 0); white-space: nowrap; border-width: 0; display: none;"
  />
</div>
`;
